/ssd_data/mov_frames_action_c3d/GLA/GLA_G_31_point__at_something 1 3
/ssd_data/mov_frames_action_c3d/GLA/GLA_G_31_point__at_something 17 3
/ssd_data/mov_frames_action_c3d/GLA/GLA_G_31_point__at_something 33 3
/ssd_data/mov_frames_action_c3d/GLA/GLA_G_31_point__at_something 49 3
/ssd_data/mov_frames_action_c3d/GLA/GLA_G_31_point__at_something 65 3
/ssd_data/mov_frames_action_c3d/GLA/GLA_G_31_point__at_something 81 3
/ssd_data/mov_frames_action_c3d/GLA/GLA_Bmwoi_47_pick 1 2
/ssd_data/mov_frames_action_c3d/CRA/CRA_Gbm_05_running 1 5
/ssd_data/mov_frames_action_c3d/CRA/CRA_Gbm_05_running 17 5
/ssd_data/mov_frames_action_c3d/CRA/CRA_Gbm_05_running 33 5
/ssd_data/mov_frames_action_c3d/CRA/CRA_Gbm_05_running 49 5
/ssd_data/mov_frames_action_c3d/CRA/CRA_Gbm_05_running 65 5
/ssd_data/mov_frames_action_c3d/DEP/DEP_Gfa_57_smile 1 6
/ssd_data/mov_frames_action_c3d/DEP/DEP_Gfa_57_smile 17 6
/ssd_data/mov_frames_action_c3d/DEP/DEP_Gfa_116_smile 1 6
/ssd_data/mov_frames_action_c3d/DEP/DEP_Gfa_116_smile 17 6
/ssd_data/mov_frames_action_c3d/DEP/DEP_Gfa_116_smile 33 6
/ssd_data/mov_frames_action_c3d/DEP/DEP_Gfa_116_smile 49 6
/ssd_data/mov_frames_action_c3d/DEP/DEP_Gfa_116_smile 65 6
/ssd_data/mov_frames_action_c3d/DEP/DEP_Gfa_116_smile 81 6
/ssd_data/mov_frames_action_c3d/DEP/DEP_Gfa_116_smile 97 6
/ssd_data/mov_frames_action_c3d/DEP/DEP_Gfa_116_smile 113 6
/ssd_data/mov_frames_action_c3d/DEP/DEP_Gfa_116_smile 129 6
/ssd_data/mov_frames_action_c3d/DEP/DEP_Gfa_346_smile 1 6
/ssd_data/mov_frames_action_c3d/DEP/DEP_Gfa_346_smile 17 6
/ssd_data/mov_frames_action_c3d/DEP/DEP_Gfa_346_smile 33 6
/ssd_data/mov_frames_action_c3d/DEP/DEP_Gfa_346_smile 49 6
/ssd_data/mov_frames_action_c3d/DEP/DEP_Gfa_346_smile 65 6
/ssd_data/mov_frames_action_c3d/DEP/DEP_Gfa_346_smile 81 6
/ssd_data/mov_frames_action_c3d/CHI/CHI_G_07_wave_hands 1 8
/ssd_data/mov_frames_action_c3d/CHI/CHI_G_07_wave_hands 17 8
/ssd_data/mov_frames_action_c3d/CHI/CHI_G_07_wave_hands 33 8
/ssd_data/mov_frames_action_c3d/LOR/LOR_Gfa_129_cry 1 1
/ssd_data/mov_frames_action_c3d/LOR/LOR_Gfa_129_cry 17 1
/ssd_data/mov_frames_action_c3d/LOR/LOR_Gfa_129_cry 33 1
/ssd_data/mov_frames_action_c3d/LOR/LOR_Gfa_129_cry 49 1
/ssd_data/mov_frames_action_c3d/LOR/LOR_Gfa_129_cry 65 1
/ssd_data/mov_frames_action_c3d/LOR/LOR_Gfa_129_cry 81 1
/ssd_data/mov_frames_action_c3d/LOR/LOR_Gfa_129_cry 97 1
/ssd_data/mov_frames_action_c3d/LOR/LOR_Gfa_129_cry 113 1
/ssd_data/mov_frames_action_c3d/LOR/LOR_Gfa_129_cry 129 1
/ssd_data/mov_frames_action_c3d/LOR/LOR_Gfa_129_cry 145 1
/ssd_data/mov_frames_action_c3d/LOR/LOR_Gfa_129_cry 161 1
/ssd_data/mov_frames_action_c3d/LOR/LOR_Gfa_129_cry 177 1
/ssd_data/mov_frames_action_c3d/LOR/LOR_Gfa_129_cry 193 1
/ssd_data/mov_frames_action_c3d/LOR/LOR_Gfa_129_cry 209 1
/ssd_data/mov_frames_action_c3d/LOR/LOR_Gfa_129_cry 225 1
/ssd_data/mov_frames_action_c3d/LOR/LOR_Gfa_129_cry 241 1
/ssd_data/mov_frames_action_c3d/LOR/LOR_Gfa_129_cry 257 1
/ssd_data/mov_frames_action_c3d/LOR/LOR_Gfa_129_cry 273 1
/ssd_data/mov_frames_action_c3d/GWW/GWW_G_22_wave_hands 1 8
/ssd_data/mov_frames_action_c3d/GWW/GWW_G_22_wave_hands 17 8
/ssd_data/mov_frames_action_c3d/GWW/GWW_G_22_wave_hands 33 8
/ssd_data/mov_frames_action_c3d/CHI/CHI_Bmwoi_56_pick 1 2
/ssd_data/mov_frames_action_c3d/CHI/CHI_G_74_wave_hands 1 8
/ssd_data/mov_frames_action_c3d/GWW/GWW_Bmwoi_112_ride_horse 1 4
/ssd_data/mov_frames_action_c3d/GWW/GWW_Gbm_428_running 1 5
/ssd_data/mov_frames_action_c3d/GWW/GWW_Gbm_428_running 17 5
/ssd_data/mov_frames_action_c3d/BMI/BMI_Gbm_56_running 1 5
/ssd_data/mov_frames_action_c3d/BMI/BMI_Gbm_56_running 17 5
/ssd_data/mov_frames_action_c3d/BMI/BMI_Gbm_56_running 33 5
/ssd_data/mov_frames_action_c3d/BMI/BMI_Gbm_56_running 49 5
/ssd_data/mov_frames_action_c3d/BMI/BMI_Gbm_56_running 65 5
/ssd_data/mov_frames_action_c3d/BMI/BMI_Gbm_56_running 81 5
/ssd_data/mov_frames_action_c3d/BMI/BMI_Gbm_56_running 97 5
/ssd_data/mov_frames_action_c3d/BMI/BMI_Gbm_56_running 113 5
/ssd_data/mov_frames_action_c3d/BMI/BMI_Gbm_56_running 129 5
/ssd_data/mov_frames_action_c3d/BMI/BMI_Gbm_56_running 145 5
/ssd_data/mov_frames_action_c3d/GLA/GLA_Bmwoi_14_ride_horse 1 4
/ssd_data/mov_frames_action_c3d/GLA/GLA_Bmwoi_14_ride_horse 17 4
/ssd_data/mov_frames_action_c3d/GLA/GLA_Bmwoi_14_ride_horse 33 4
/ssd_data/mov_frames_action_c3d/GLA/GLA_Bmwoi_14_ride_horse 49 4
/ssd_data/mov_frames_action_c3d/GLA/GLA_Bmwoi_14_ride_horse 65 4
/ssd_data/mov_frames_action_c3d/GLA/GLA_Bmwoi_14_ride_horse 81 4
/ssd_data/mov_frames_action_c3d/GLA/GLA_Bmwoi_14_ride_horse 97 4
/ssd_data/mov_frames_action_c3d/GLA/GLA_Bmwoi_14_ride_horse 113 4
/ssd_data/mov_frames_action_c3d/GLA/GLA_Bmwoi_14_ride_horse 129 4
/ssd_data/mov_frames_action_c3d/GLA/GLA_Bmwoi_14_ride_horse 145 4
/ssd_data/mov_frames_action_c3d/GLA/GLA_Bmwoi_14_ride_horse 161 4
/ssd_data/mov_frames_action_c3d/GLA/GLA_Bmwoi_14_ride_horse 177 4
/ssd_data/mov_frames_action_c3d/GLA/GLA_Bmwoi_14_ride_horse 193 4
/ssd_data/mov_frames_action_c3d/GLA/GLA_Bmwoi_14_ride_horse 209 4
/ssd_data/mov_frames_action_c3d/GLA/GLA_Bmwoi_14_ride_horse 225 4
/ssd_data/mov_frames_action_c3d/GLA/GLA_Bmwoi_14_ride_horse 241 4
/ssd_data/mov_frames_action_c3d/GLA/GLA_Bmwoi_14_ride_horse 257 4
/ssd_data/mov_frames_action_c3d/GLA/GLA_Bmwoi_14_ride_horse 273 4
/ssd_data/mov_frames_action_c3d/CHI/CHI_G_77_wave_hands 1 8
/ssd_data/mov_frames_action_c3d/CHI/CHI_G_77_wave_hands 17 8
/ssd_data/mov_frames_action_c3d/GWW/GWW_Gbm_214_running 1 5
/ssd_data/mov_frames_action_c3d/GWW/GWW_Gbm_303_running 1 5
/ssd_data/mov_frames_action_c3d/DEP/DEP_Gfa_71_smile 1 6
/ssd_data/mov_frames_action_c3d/CRA/CRA_Gfa_58_smile 1 6
/ssd_data/mov_frames_action_c3d/LOR/LOR_Bmwoi_57_ride_horse 1 4
/ssd_data/mov_frames_action_c3d/LOR/LOR_Bmwoi_57_ride_horse 17 4
/ssd_data/mov_frames_action_c3d/LOR/LOR_Bmwoi_57_ride_horse 33 4
/ssd_data/mov_frames_action_c3d/LOR/LOR_Bmwoi_57_ride_horse 49 4
/ssd_data/mov_frames_action_c3d/LOR/LOR_Bmwoi_57_ride_horse 65 4
/ssd_data/mov_frames_action_c3d/LOR/LOR_Gbm_50_running 1 5
/ssd_data/mov_frames_action_c3d/LOR/LOR_Gbm_50_running 17 5
/ssd_data/mov_frames_action_c3d/GLA/GLA_G_19_wave_hands 1 8
/ssd_data/mov_frames_action_c3d/GLA/GLA_G_19_wave_hands 17 8
/ssd_data/mov_frames_action_c3d/GLA/GLA_G_19_wave_hands 33 8
/ssd_data/mov_frames_action_c3d/GLA/GLA_G_19_wave_hands 49 8
/ssd_data/mov_frames_action_c3d/GLA/GLA_G_19_wave_hands 65 8
/ssd_data/mov_frames_action_c3d/GLA/GLA_G_19_wave_hands 81 8
/ssd_data/mov_frames_action_c3d/GLA/GLA_G_19_wave_hands 97 8
/ssd_data/mov_frames_action_c3d/GLA/GLA_G_19_wave_hands 113 8
/ssd_data/mov_frames_action_c3d/GLA/GLA_G_19_wave_hands 129 8
/ssd_data/mov_frames_action_c3d/GLA/GLA_G_19_wave_hands 145 8
/ssd_data/mov_frames_action_c3d/GLA/GLA_G_19_wave_hands 161 8
/ssd_data/mov_frames_action_c3d/GLA/GLA_Bmwoi_56_ride_horse 1 4
/ssd_data/mov_frames_action_c3d/GLA/GLA_Bmwoi_56_ride_horse 17 4
/ssd_data/mov_frames_action_c3d/GLA/GLA_Bmwoi_56_ride_horse 33 4
/ssd_data/mov_frames_action_c3d/GLA/GLA_Bmwoi_56_ride_horse 49 4
/ssd_data/mov_frames_action_c3d/DEP/DEP_Gfa_252_smile 1 6
/ssd_data/mov_frames_action_c3d/DEP/DEP_Gfa_252_smile 17 6
/ssd_data/mov_frames_action_c3d/DEP/DEP_Gfa_252_smile 33 6
/ssd_data/mov_frames_action_c3d/DEP/DEP_Gfa_252_smile 49 6
/ssd_data/mov_frames_action_c3d/DEP/DEP_Gfa_252_smile 65 6
/ssd_data/mov_frames_action_c3d/DEP/DEP_Gfa_252_smile 81 6
/ssd_data/mov_frames_action_c3d/DEP/DEP_Gfa_252_smile 97 6
/ssd_data/mov_frames_action_c3d/DEP/DEP_Gfa_252_smile 113 6
/ssd_data/mov_frames_action_c3d/GWW/GWW_Gfa_314_cry 1 1
/ssd_data/mov_frames_action_c3d/GWW/GWW_Gfa_314_cry 17 1
/ssd_data/mov_frames_action_c3d/GWW/GWW_Gfa_314_cry 33 1
/ssd_data/mov_frames_action_c3d/GWW/GWW_Gfa_314_cry 49 1
/ssd_data/mov_frames_action_c3d/GWW/GWW_Gfa_314_cry 65 1
/ssd_data/mov_frames_action_c3d/GWW/GWW_Gfa_314_cry 81 1
/ssd_data/mov_frames_action_c3d/GWW/GWW_Gfa_314_cry 97 1
/ssd_data/mov_frames_action_c3d/GWW/GWW_Gfa_314_cry 113 1
/ssd_data/mov_frames_action_c3d/GWW/GWW_Gfa_314_cry 129 1
/ssd_data/mov_frames_action_c3d/GWW/GWW_Gfa_314_cry 145 1
/ssd_data/mov_frames_action_c3d/GWW/GWW_Gfa_314_cry 161 1
/ssd_data/mov_frames_action_c3d/GWW/GWW_Gfa_314_cry 177 1
/ssd_data/mov_frames_action_c3d/GWW/GWW_Gfa_314_cry 193 1
/ssd_data/mov_frames_action_c3d/GWW/GWW_Gfa_314_cry 209 1
/ssd_data/mov_frames_action_c3d/GWW/GWW_Gfa_314_cry 225 1
/ssd_data/mov_frames_action_c3d/GWW/GWW_Gfa_314_cry 241 1
/ssd_data/mov_frames_action_c3d/GWW/GWW_Gfa_314_cry 257 1
/ssd_data/mov_frames_action_c3d/GWW/GWW_Gfa_314_cry 273 1
/ssd_data/mov_frames_action_c3d/GWW/GWW_Gfa_904_cry 1 1
/ssd_data/mov_frames_action_c3d/GWW/GWW_Gfa_904_cry 17 1
/ssd_data/mov_frames_action_c3d/GWW/GWW_Gfa_904_cry 33 1
/ssd_data/mov_frames_action_c3d/GWW/GWW_Gfa_904_cry 49 1
/ssd_data/mov_frames_action_c3d/GWW/GWW_Gfa_904_cry 65 1
/ssd_data/mov_frames_action_c3d/GWW/GWW_Gfa_904_cry 81 1
/ssd_data/mov_frames_action_c3d/GWW/GWW_Gfa_904_cry 97 1
/ssd_data/mov_frames_action_c3d/GWW/GWW_Gfa_373_smile 1 6
/ssd_data/mov_frames_action_c3d/GWW/GWW_Gfa_373_smile 17 6
/ssd_data/mov_frames_action_c3d/CRA/CRA_Gbm_102_standing_up 1 7
/ssd_data/mov_frames_action_c3d/GWW/GWW_G_76_wave_hands 1 8
/ssd_data/mov_frames_action_c3d/GLA/GLA_Bmwoi_42_ride_horse 1 4
/ssd_data/mov_frames_action_c3d/GLA/GLA_Bmwoi_42_ride_horse 17 4
/ssd_data/mov_frames_action_c3d/DEP/DEP_Gfa_135_smile 1 6
/ssd_data/mov_frames_action_c3d/DEP/DEP_Gfa_135_smile 17 6
/ssd_data/mov_frames_action_c3d/DEP/DEP_Gfa_135_smile 33 6
/ssd_data/mov_frames_action_c3d/DEP/DEP_Gfa_135_smile 49 6
/ssd_data/mov_frames_action_c3d/DEP/DEP_Gfa_135_smile 65 6
/ssd_data/mov_frames_action_c3d/LOR/LOR_Gbm_47_running 1 5
/ssd_data/mov_frames_action_c3d/LOR/LOR_Gbm_47_running 17 5
/ssd_data/mov_frames_action_c3d/LOR/LOR_Gbm_47_running 33 5
/ssd_data/mov_frames_action_c3d/LOR/LOR_Gbm_47_running 49 5
/ssd_data/mov_frames_action_c3d/LOR/LOR_Gbm_47_running 65 5
/ssd_data/mov_frames_action_c3d/LOR/LOR_Gbm_47_running 81 5
/ssd_data/mov_frames_action_c3d/LOR/LOR_Gbm_47_running 97 5
/ssd_data/mov_frames_action_c3d/LOR/LOR_Gbm_47_running 113 5
/ssd_data/mov_frames_action_c3d/LOR/LOR_Gbm_47_running 129 5
/ssd_data/mov_frames_action_c3d/LOR/LOR_Gbm_47_running 145 5
/ssd_data/mov_frames_action_c3d/LOR/LOR_Gbm_47_running 161 5
/ssd_data/mov_frames_action_c3d/LOR/LOR_Gbm_47_running 177 5
/ssd_data/mov_frames_action_c3d/CHI/CHI_G_09_wave_hands 1 8
/ssd_data/mov_frames_action_c3d/GWW/GWW_Gbm_267_running 1 5
/ssd_data/mov_frames_action_c3d/GWW/GWW_Gbm_267_running 17 5
/ssd_data/mov_frames_action_c3d/GWW/GWW_Gbm_267_running 33 5
/ssd_data/mov_frames_action_c3d/GWW/GWW_Gbm_267_running 49 5
/ssd_data/mov_frames_action_c3d/CHI/CHI_G_27_point__at_something 1 3
/ssd_data/mov_frames_action_c3d/CHI/CHI_G_27_point__at_something 17 3
/ssd_data/mov_frames_action_c3d/GWW/GWW_Gfa_339_smile 1 6
/ssd_data/mov_frames_action_c3d/GWW/GWW_Gfa_423_smile 1 6
/ssd_data/mov_frames_action_c3d/GWW/GWW_Gfa_423_smile 17 6
/ssd_data/mov_frames_action_c3d/GWW/GWW_Gfa_423_smile 33 6
/ssd_data/mov_frames_action_c3d/GWW/GWW_Gfa_423_smile 49 6
/ssd_data/mov_frames_action_c3d/GWW/GWW_Bmwoi_13_pick 1 2
/ssd_data/mov_frames_action_c3d/LOR/LOR_Bmwoi_63_ride_horse 1 4
/ssd_data/mov_frames_action_c3d/LOR/LOR_Bmwoi_63_ride_horse 17 4
/ssd_data/mov_frames_action_c3d/LOR/LOR_Bmwoi_63_ride_horse 33 4
/ssd_data/mov_frames_action_c3d/LOR/LOR_Bmwoi_63_ride_horse 49 4
/ssd_data/mov_frames_action_c3d/LOR/LOR_Bmwoi_63_ride_horse 65 4
/ssd_data/mov_frames_action_c3d/LOR/LOR_Bmwoi_63_ride_horse 81 4
/ssd_data/mov_frames_action_c3d/LOR/LOR_Bmwoi_63_ride_horse 97 4
/ssd_data/mov_frames_action_c3d/LOR/LOR_Bmwoi_63_ride_horse 113 4
/ssd_data/mov_frames_action_c3d/LOR/LOR_Bmwoi_63_ride_horse 129 4
/ssd_data/mov_frames_action_c3d/GWW/GWW_Gfa_831_smile 1 6
/ssd_data/mov_frames_action_c3d/CRA/CRA_Gfa_11_cry 1 1
/ssd_data/mov_frames_action_c3d/CRA/CRA_Gfa_11_cry 17 1
/ssd_data/mov_frames_action_c3d/CRA/CRA_Gfa_11_cry 33 1
/ssd_data/mov_frames_action_c3d/CRA/CRA_Gfa_11_cry 49 1
/ssd_data/mov_frames_action_c3d/GLA/GLA_Bmwoi_58_ride_horse 1 4
/ssd_data/mov_frames_action_c3d/GLA/GLA_Bmwoi_58_ride_horse 17 4
/ssd_data/mov_frames_action_c3d/GLA/GLA_Bmwoi_58_ride_horse 33 4
/ssd_data/mov_frames_action_c3d/GLA/GLA_Bmwoi_58_ride_horse 49 4
/ssd_data/mov_frames_action_c3d/GLA/GLA_Bmwoi_58_ride_horse 65 4
/ssd_data/mov_frames_action_c3d/GLA/GLA_Bmwoi_58_ride_horse 81 4
/ssd_data/mov_frames_action_c3d/GLA/GLA_Bmwoi_58_ride_horse 97 4
/ssd_data/mov_frames_action_c3d/GLA/GLA_Bmwoi_58_ride_horse 113 4
/ssd_data/mov_frames_action_c3d/GLA/GLA_Bmwoi_58_ride_horse 129 4
/ssd_data/mov_frames_action_c3d/GLA/GLA_Bmwoi_58_ride_horse 145 4
/ssd_data/mov_frames_action_c3d/CHI/CHI_Gbm_70_standing_up 1 7
/ssd_data/mov_frames_action_c3d/CHI/CHI_Gbm_70_standing_up 17 7
/ssd_data/mov_frames_action_c3d/CHI/CHI_Gbm_70_standing_up 33 7
/ssd_data/mov_frames_action_c3d/CHI/CHI_Gbm_70_standing_up 49 7
/ssd_data/mov_frames_action_c3d/CHI/CHI_G_47_point__at_something 1 3
/ssd_data/mov_frames_action_c3d/CHI/CHI_G_47_point__at_something 17 3
/ssd_data/mov_frames_action_c3d/CHI/CHI_G_47_point__at_something 33 3
/ssd_data/mov_frames_action_c3d/CHI/CHI_G_47_point__at_something 49 3
/ssd_data/mov_frames_action_c3d/CRA/CRA_Gbm_61_running 1 5
/ssd_data/mov_frames_action_c3d/CRA/CRA_Gbm_61_running 17 5
/ssd_data/mov_frames_action_c3d/CHI/CHI_G_59_wave_hands 1 8
/ssd_data/mov_frames_action_c3d/CHI/CHI_G_59_wave_hands 17 8
/ssd_data/mov_frames_action_c3d/CHI/CHI_G_59_wave_hands 33 8
/ssd_data/mov_frames_action_c3d/CHI/CHI_G_14_point__at_something 1 3
/ssd_data/mov_frames_action_c3d/GWW/GWW_Gbm_58_standing_up 1 7
/ssd_data/mov_frames_action_c3d/GWW/GWW_Gbm_58_standing_up 17 7
/ssd_data/mov_frames_action_c3d/GWW/GWW_Gbm_58_standing_up 33 7
/ssd_data/mov_frames_action_c3d/GWW/GWW_Bmwoi_148_ride_horse 1 4
/ssd_data/mov_frames_action_c3d/GWW/GWW_Bmwoi_148_ride_horse 17 4
/ssd_data/mov_frames_action_c3d/GWW/GWW_Bmwoi_148_ride_horse 33 4
/ssd_data/mov_frames_action_c3d/GLA/GLA_Bmwoi_77_ride_horse 1 4
/ssd_data/mov_frames_action_c3d/GWW/GWW_G_07_wave_hands 1 8
/ssd_data/mov_frames_action_c3d/LOR/LOR_Gfa_40_smile 1 6
/ssd_data/mov_frames_action_c3d/LOR/LOR_Gfa_40_smile 17 6
/ssd_data/mov_frames_action_c3d/LOR/LOR_Gfa_40_smile 33 6
/ssd_data/mov_frames_action_c3d/GLA/GLA_G_11_wave_hands 1 8
/ssd_data/mov_frames_action_c3d/GLA/GLA_G_11_wave_hands 17 8
/ssd_data/mov_frames_action_c3d/BMI/BMI_G_06_wave_hands 1 8
/ssd_data/mov_frames_action_c3d/GWW/GWW_Gbm_426_running 1 5
/ssd_data/mov_frames_action_c3d/BMI/BMI_Gfa_96_smile 1 6
/ssd_data/mov_frames_action_c3d/BMI/BMI_Gfa_96_smile 17 6
/ssd_data/mov_frames_action_c3d/BMI/BMI_Gfa_96_smile 33 6
/ssd_data/mov_frames_action_c3d/BMI/BMI_Gfa_96_smile 49 6
/ssd_data/mov_frames_action_c3d/CRA/CRA_Gbm_115_standing_up 1 7
/ssd_data/mov_frames_action_c3d/GWW/GWW_G_35_wave_hands 1 8
/ssd_data/mov_frames_action_c3d/GWW/GWW_G_35_wave_hands 17 8
/ssd_data/mov_frames_action_c3d/GWW/GWW_G_35_wave_hands 33 8
/ssd_data/mov_frames_action_c3d/GWW/GWW_G_05_wave_hands 1 8
/ssd_data/mov_frames_action_c3d/GWW/GWW_G_50_wave_hands 1 8
/ssd_data/mov_frames_action_c3d/GLA/GLA_Bmwoi_33_ride_horse 1 4
/ssd_data/mov_frames_action_c3d/GWW/GWW_Gbm_212_standing_up 1 7
/ssd_data/mov_frames_action_c3d/GLA/GLA_Gbm_89_standing_up 1 7
/ssd_data/mov_frames_action_c3d/GLA/GLA_Gbm_89_standing_up 17 7
/ssd_data/mov_frames_action_c3d/GLA/GLA_Gbm_89_standing_up 33 7
/ssd_data/mov_frames_action_c3d/GLA/GLA_Gbm_89_standing_up 49 7
/ssd_data/mov_frames_action_c3d/GWW/GWW_G_21_wave_hands 1 8
/ssd_data/mov_frames_action_c3d/GWW/GWW_G_21_wave_hands 17 8
/ssd_data/mov_frames_action_c3d/GWW/GWW_G_21_wave_hands 33 8
/ssd_data/mov_frames_action_c3d/GWW/GWW_G_21_wave_hands 49 8
/ssd_data/mov_frames_action_c3d/GWW/GWW_G_21_wave_hands 65 8
/ssd_data/mov_frames_action_c3d/GWW/GWW_G_21_wave_hands 81 8
/ssd_data/mov_frames_action_c3d/GWW/GWW_G_21_wave_hands 97 8
/ssd_data/mov_frames_action_c3d/CHI/CHI_G_37_wave_hands 1 8
/ssd_data/mov_frames_action_c3d/CHI/CHI_G_37_wave_hands 17 8
/ssd_data/mov_frames_action_c3d/CHI/CHI_G_37_wave_hands 33 8
/ssd_data/mov_frames_action_c3d/GWW/GWW_Gfa_827_smile 1 6
/ssd_data/mov_frames_action_c3d/GWW/GWW_Gfa_827_smile 17 6
/ssd_data/mov_frames_action_c3d/GWW/GWW_Gfa_827_smile 33 6
/ssd_data/mov_frames_action_c3d/LOR/LOR_Gfa_87_smile 1 6
/ssd_data/mov_frames_action_c3d/LOR/LOR_Gfa_87_smile 17 6
/ssd_data/mov_frames_action_c3d/LOR/LOR_Gfa_87_smile 33 6
/ssd_data/mov_frames_action_c3d/LOR/LOR_Gfa_87_smile 49 6
/ssd_data/mov_frames_action_c3d/LOR/LOR_Gfa_87_smile 65 6
/ssd_data/mov_frames_action_c3d/GLA/GLA_G_42_point__at_something 1 3
/ssd_data/mov_frames_action_c3d/GLA/GLA_G_42_point__at_something 17 3
/ssd_data/mov_frames_action_c3d/GLA/GLA_G_42_point__at_something 33 3
/ssd_data/mov_frames_action_c3d/CHI/CHI_G_56_wave_hands 1 8
/ssd_data/mov_frames_action_c3d/GLA/GLA_Bmwoi_45_ride_horse 1 4
/ssd_data/mov_frames_action_c3d/GLA/GLA_Bmwoi_45_ride_horse 17 4
/ssd_data/mov_frames_action_c3d/GLA/GLA_G_27_point__at_something 1 3
/ssd_data/mov_frames_action_c3d/GLA/GLA_G_27_point__at_something 17 3
/ssd_data/mov_frames_action_c3d/GLA/GLA_G_33_wave_hands 1 8
/ssd_data/mov_frames_action_c3d/GLA/GLA_G_33_wave_hands 17 8
/ssd_data/mov_frames_action_c3d/GLA/GLA_G_33_wave_hands 33 8
/ssd_data/mov_frames_action_c3d/GLA/GLA_G_33_wave_hands 49 8
/ssd_data/mov_frames_action_c3d/GLA/GLA_G_33_wave_hands 65 8
/ssd_data/mov_frames_action_c3d/GLA/GLA_G_33_wave_hands 81 8
/ssd_data/mov_frames_action_c3d/GLA/GLA_G_33_wave_hands 97 8
/ssd_data/mov_frames_action_c3d/GLA/GLA_G_33_wave_hands 113 8
/ssd_data/mov_frames_action_c3d/GWW/GWW_Bmwoi_106_pick 1 2
/ssd_data/mov_frames_action_c3d/DEP/DEP_Gfa_02_smile 1 6
/ssd_data/mov_frames_action_c3d/DEP/DEP_Gfa_02_smile 17 6
/ssd_data/mov_frames_action_c3d/DEP/DEP_Gfa_02_smile 33 6
/ssd_data/mov_frames_action_c3d/DEP/DEP_Gfa_02_smile 49 6
/ssd_data/mov_frames_action_c3d/GWW/GWW_Gbm_123_running 1 5
/ssd_data/mov_frames_action_c3d/GWW/GWW_Gbm_123_running 17 5
/ssd_data/mov_frames_action_c3d/LOR/LOR_Gbm_33_running 1 5
/ssd_data/mov_frames_action_c3d/LOR/LOR_Gbm_33_running 17 5
/ssd_data/mov_frames_action_c3d/LOR/LOR_Gbm_33_running 33 5
/ssd_data/mov_frames_action_c3d/LOR/LOR_Gbm_33_running 49 5
/ssd_data/mov_frames_action_c3d/LOR/LOR_Gbm_33_running 65 5
/ssd_data/mov_frames_action_c3d/LOR/LOR_Gbm_33_running 81 5
/ssd_data/mov_frames_action_c3d/LOR/LOR_Gbm_33_running 97 5
/ssd_data/mov_frames_action_c3d/LOR/LOR_Gbm_33_running 113 5
/ssd_data/mov_frames_action_c3d/LOR/LOR_Gbm_33_running 129 5
/ssd_data/mov_frames_action_c3d/LOR/LOR_Gbm_33_running 145 5
/ssd_data/mov_frames_action_c3d/LOR/LOR_Gbm_33_running 161 5
/ssd_data/mov_frames_action_c3d/GLA/GLA_G_39_wave_hands 1 8
/ssd_data/mov_frames_action_c3d/GLA/GLA_G_39_wave_hands 17 8
/ssd_data/mov_frames_action_c3d/GLA/GLA_G_39_wave_hands 33 8
/ssd_data/mov_frames_action_c3d/GLA/GLA_G_39_wave_hands 49 8
/ssd_data/mov_frames_action_c3d/GLA/GLA_G_39_wave_hands 65 8
/ssd_data/mov_frames_action_c3d/GLA/GLA_G_39_wave_hands 81 8
/ssd_data/mov_frames_action_c3d/GLA/GLA_G_39_wave_hands 97 8
/ssd_data/mov_frames_action_c3d/GLA/GLA_G_39_wave_hands 113 8
/ssd_data/mov_frames_action_c3d/GLA/GLA_G_39_wave_hands 129 8
/ssd_data/mov_frames_action_c3d/GLA/GLA_G_39_wave_hands 145 8
/ssd_data/mov_frames_action_c3d/GLA/GLA_G_39_wave_hands 161 8
/ssd_data/mov_frames_action_c3d/GLA/GLA_G_39_wave_hands 177 8
/ssd_data/mov_frames_action_c3d/GLA/GLA_G_39_wave_hands 193 8
/ssd_data/mov_frames_action_c3d/GLA/GLA_G_39_wave_hands 209 8
/ssd_data/mov_frames_action_c3d/GLA/GLA_G_39_wave_hands 225 8
/ssd_data/mov_frames_action_c3d/GLA/GLA_G_39_wave_hands 241 8
/ssd_data/mov_frames_action_c3d/GLA/GLA_G_39_wave_hands 257 8
/ssd_data/mov_frames_action_c3d/GLA/GLA_G_39_wave_hands 273 8
/ssd_data/mov_frames_action_c3d/GLA/GLA_G_39_wave_hands 289 8
/ssd_data/mov_frames_action_c3d/GLA/GLA_G_39_wave_hands 305 8
/ssd_data/mov_frames_action_c3d/GLA/GLA_G_39_wave_hands 321 8
/ssd_data/mov_frames_action_c3d/GLA/GLA_G_39_wave_hands 337 8
/ssd_data/mov_frames_action_c3d/GLA/GLA_G_39_wave_hands 353 8
/ssd_data/mov_frames_action_c3d/GWW/GWW_Gbm_521_standing_up 1 7
/ssd_data/mov_frames_action_c3d/GWW/GWW_Gbm_521_standing_up 17 7
/ssd_data/mov_frames_action_c3d/GWW/GWW_Gbm_521_standing_up 33 7
/ssd_data/mov_frames_action_c3d/GWW/GWW_Gbm_521_standing_up 49 7
/ssd_data/mov_frames_action_c3d/GWW/GWW_Gbm_521_standing_up 65 7
/ssd_data/mov_frames_action_c3d/GLA/GLA_G_44_wave_hands 1 8
/ssd_data/mov_frames_action_c3d/GLA/GLA_G_44_wave_hands 17 8
/ssd_data/mov_frames_action_c3d/GLA/GLA_G_44_wave_hands 33 8
/ssd_data/mov_frames_action_c3d/GLA/GLA_G_44_wave_hands 49 8
/ssd_data/mov_frames_action_c3d/GLA/GLA_G_44_wave_hands 65 8
/ssd_data/mov_frames_action_c3d/GLA/GLA_G_44_wave_hands 81 8
/ssd_data/mov_frames_action_c3d/GLA/GLA_G_44_wave_hands 97 8
/ssd_data/mov_frames_action_c3d/GLA/GLA_G_44_wave_hands 113 8
/ssd_data/mov_frames_action_c3d/GLA/GLA_G_44_wave_hands 129 8
/ssd_data/mov_frames_action_c3d/GLA/GLA_G_44_wave_hands 145 8
/ssd_data/mov_frames_action_c3d/GLA/GLA_G_44_wave_hands 161 8
/ssd_data/mov_frames_action_c3d/GLA/GLA_G_44_wave_hands 177 8
/ssd_data/mov_frames_action_c3d/GLA/GLA_G_44_wave_hands 193 8
/ssd_data/mov_frames_action_c3d/GLA/GLA_G_44_wave_hands 209 8
/ssd_data/mov_frames_action_c3d/GLA/GLA_G_44_wave_hands 225 8
/ssd_data/mov_frames_action_c3d/GLA/GLA_Gfa_32_smile 1 6
/ssd_data/mov_frames_action_c3d/GLA/GLA_Gfa_32_smile 17 6
/ssd_data/mov_frames_action_c3d/GWW/GWW_Bmwoi_43_pick 1 2
/ssd_data/mov_frames_action_c3d/DEP/DEP_Gfa_51_smile 1 6
/ssd_data/mov_frames_action_c3d/DEP/DEP_Gfa_51_smile 17 6
/ssd_data/mov_frames_action_c3d/DEP/DEP_Gfa_51_smile 33 6
/ssd_data/mov_frames_action_c3d/DEP/DEP_Gfa_51_smile 49 6
/ssd_data/mov_frames_action_c3d/DEP/DEP_Gfa_51_smile 65 6
/ssd_data/mov_frames_action_c3d/DEP/DEP_Gfa_51_smile 81 6
/ssd_data/mov_frames_action_c3d/DEP/DEP_Gfa_51_smile 97 6
/ssd_data/mov_frames_action_c3d/DEP/DEP_Gfa_51_smile 113 6
/ssd_data/mov_frames_action_c3d/DEP/DEP_Gfa_51_smile 129 6
/ssd_data/mov_frames_action_c3d/DEP/DEP_Gfa_51_smile 145 6
/ssd_data/mov_frames_action_c3d/DEP/DEP_Gfa_51_smile 161 6
/ssd_data/mov_frames_action_c3d/DEP/DEP_Gfa_51_smile 177 6
/ssd_data/mov_frames_action_c3d/CRA/CRA_Gfa_23_cry 1 1
/ssd_data/mov_frames_action_c3d/CRA/CRA_Gfa_23_cry 17 1
/ssd_data/mov_frames_action_c3d/CRA/CRA_Gfa_23_cry 33 1
/ssd_data/mov_frames_action_c3d/GWW/GWW_Gfa_472_cry 1 1
/ssd_data/mov_frames_action_c3d/GWW/GWW_Gfa_472_cry 17 1
/ssd_data/mov_frames_action_c3d/DEP/DEP_Bmwoi_75_pick 1 2
/ssd_data/mov_frames_action_c3d/DEP/DEP_Bmwoi_75_pick 17 2
/ssd_data/mov_frames_action_c3d/DEP/DEP_Bmwoi_75_pick 33 2
/ssd_data/mov_frames_action_c3d/DEP/DEP_Bmwoi_75_pick 49 2
/ssd_data/mov_frames_action_c3d/DEP/DEP_Bmwoi_75_pick 65 2
/ssd_data/mov_frames_action_c3d/GWW/GWW_Gbm_301_running 1 5
/ssd_data/mov_frames_action_c3d/GWW/GWW_Gfa_867_cry 1 1
/ssd_data/mov_frames_action_c3d/GWW/GWW_Gfa_867_cry 17 1
/ssd_data/mov_frames_action_c3d/GWW/GWW_Gfa_867_cry 33 1
/ssd_data/mov_frames_action_c3d/GWW/GWW_Gfa_867_cry 49 1
/ssd_data/mov_frames_action_c3d/GWW/GWW_Gfa_867_cry 65 1
/ssd_data/mov_frames_action_c3d/GWW/GWW_Gfa_867_cry 81 1
/ssd_data/mov_frames_action_c3d/GLA/GLA_Bmwoi_29_ride_horse 1 4
/ssd_data/mov_frames_action_c3d/GLA/GLA_Bmwoi_29_ride_horse 17 4
/ssd_data/mov_frames_action_c3d/GLA/GLA_Bmwoi_29_ride_horse 33 4
/ssd_data/mov_frames_action_c3d/GLA/GLA_Bmwoi_29_ride_horse 49 4
/ssd_data/mov_frames_action_c3d/GWW/GWW_Bmwoi_31_pick 1 2
/ssd_data/mov_frames_action_c3d/GWW/GWW_G_43_point__at_something 1 3
/ssd_data/mov_frames_action_c3d/GWW/GWW_Gbm_348_running 1 5
/ssd_data/mov_frames_action_c3d/GWW/GWW_Gbm_348_running 17 5
/ssd_data/mov_frames_action_c3d/GWW/GWW_Gbm_348_running 33 5
/ssd_data/mov_frames_action_c3d/GWW/GWW_Gbm_348_running 49 5
/ssd_data/mov_frames_action_c3d/GWW/GWW_Gbm_348_running 65 5
/ssd_data/mov_frames_action_c3d/GLA/GLA_Bmwoi_91_ride_horse 1 4
/ssd_data/mov_frames_action_c3d/GLA/GLA_Bmwoi_91_ride_horse 17 4
/ssd_data/mov_frames_action_c3d/GLA/GLA_Bmwoi_91_ride_horse 33 4
/ssd_data/mov_frames_action_c3d/GLA/GLA_Bmwoi_91_ride_horse 49 4
/ssd_data/mov_frames_action_c3d/GLA/GLA_Bmwoi_91_ride_horse 65 4
/ssd_data/mov_frames_action_c3d/LOR/LOR_Gbm_76_standing_up 1 7
/ssd_data/mov_frames_action_c3d/LOR/LOR_Gbm_76_standing_up 17 7
/ssd_data/mov_frames_action_c3d/GLA/GLA_G_14_point__at_something 1 3
/ssd_data/mov_frames_action_c3d/GLA/GLA_G_14_point__at_something 17 3
/ssd_data/mov_frames_action_c3d/GLA/GLA_Bmwoi_17_pick 1 2
/ssd_data/mov_frames_action_c3d/GLA/GLA_Bmwoi_17_pick 17 2
/ssd_data/mov_frames_action_c3d/GLA/GLA_Bmwoi_17_pick 33 2
/ssd_data/mov_frames_action_c3d/GLA/GLA_Bmwoi_17_pick 49 2
/ssd_data/mov_frames_action_c3d/GLA/GLA_Bmwoi_17_pick 65 2
/ssd_data/mov_frames_action_c3d/GLA/GLA_Bmwoi_17_pick 81 2
/ssd_data/mov_frames_action_c3d/GLA/GLA_Bmwoi_17_pick 97 2
/ssd_data/mov_frames_action_c3d/GLA/GLA_Bmwoi_17_pick 113 2
/ssd_data/mov_frames_action_c3d/GLA/GLA_Bmwoi_17_pick 129 2
/ssd_data/mov_frames_action_c3d/GLA/GLA_Bmwoi_17_pick 145 2
/ssd_data/mov_frames_action_c3d/DEP/DEP_Gfa_277_smile 1 6
/ssd_data/mov_frames_action_c3d/DEP/DEP_Gfa_277_smile 17 6
/ssd_data/mov_frames_action_c3d/DEP/DEP_Gfa_277_smile 33 6
/ssd_data/mov_frames_action_c3d/BMI/BMI_Gfa_216_smile 1 6
/ssd_data/mov_frames_action_c3d/BMI/BMI_Gfa_216_smile 17 6
/ssd_data/mov_frames_action_c3d/GWW/GWW_Gfa_269_cry 1 1
/ssd_data/mov_frames_action_c3d/GWW/GWW_Gfa_269_cry 17 1
/ssd_data/mov_frames_action_c3d/GWW/GWW_Gfa_269_cry 33 1
/ssd_data/mov_frames_action_c3d/GWW/GWW_Gfa_269_cry 49 1
/ssd_data/mov_frames_action_c3d/GWW/GWW_Gfa_269_cry 65 1
/ssd_data/mov_frames_action_c3d/GWW/GWW_Gfa_269_cry 81 1
/ssd_data/mov_frames_action_c3d/GWW/GWW_Gfa_269_cry 97 1
/ssd_data/mov_frames_action_c3d/DEP/DEP_Gbm_26_standing_up 1 7
/ssd_data/mov_frames_action_c3d/DEP/DEP_Gbm_26_standing_up 17 7
/ssd_data/mov_frames_action_c3d/DEP/DEP_Gbm_26_standing_up 33 7
/ssd_data/mov_frames_action_c3d/DEP/DEP_Gbm_26_standing_up 49 7
/ssd_data/mov_frames_action_c3d/DEP/DEP_Gbm_26_standing_up 65 7
/ssd_data/mov_frames_action_c3d/GWW/GWW_Gfa_148_smile 1 6
/ssd_data/mov_frames_action_c3d/GWW/GWW_Gfa_148_smile 17 6
/ssd_data/mov_frames_action_c3d/GWW/GWW_Gfa_148_smile 33 6
/ssd_data/mov_frames_action_c3d/GWW/GWW_G_15_point__at_something 1 3
/ssd_data/mov_frames_action_c3d/GWW/GWW_G_15_point__at_something 17 3
/ssd_data/mov_frames_action_c3d/LOR/LOR_Gfa_142_cry 1 1
/ssd_data/mov_frames_action_c3d/LOR/LOR_Gfa_142_cry 17 1
/ssd_data/mov_frames_action_c3d/LOR/LOR_Gfa_142_cry 33 1
/ssd_data/mov_frames_action_c3d/LOR/LOR_Gfa_142_cry 49 1
/ssd_data/mov_frames_action_c3d/LOR/LOR_Gfa_142_cry 65 1
/ssd_data/mov_frames_action_c3d/LOR/LOR_Gfa_142_cry 81 1
/ssd_data/mov_frames_action_c3d/LOR/LOR_Gfa_142_cry 97 1
/ssd_data/mov_frames_action_c3d/CRA/CRA_Bmwoi_72_pick 1 2
/ssd_data/mov_frames_action_c3d/CRA/CRA_Bmwoi_72_pick 17 2
/ssd_data/mov_frames_action_c3d/LOR/LOR_Gbm_19_running 1 5
/ssd_data/mov_frames_action_c3d/LOR/LOR_Gbm_19_running 17 5
/ssd_data/mov_frames_action_c3d/LOR/LOR_Gbm_19_running 33 5
/ssd_data/mov_frames_action_c3d/LOR/LOR_Gbm_19_running 49 5
/ssd_data/mov_frames_action_c3d/LOR/LOR_Gbm_19_running 65 5
/ssd_data/mov_frames_action_c3d/LOR/LOR_Gbm_19_running 81 5
/ssd_data/mov_frames_action_c3d/LOR/LOR_Gbm_19_running 97 5
/ssd_data/mov_frames_action_c3d/LOR/LOR_Gbm_19_running 113 5
/ssd_data/mov_frames_action_c3d/LOR/LOR_Gbm_19_running 129 5
/ssd_data/mov_frames_action_c3d/LOR/LOR_Gbm_19_running 145 5
/ssd_data/mov_frames_action_c3d/LOR/LOR_Gbm_19_running 161 5
/ssd_data/mov_frames_action_c3d/CRA/CRA_Gfa_13_cry 1 1
/ssd_data/mov_frames_action_c3d/CRA/CRA_Gfa_13_cry 17 1
/ssd_data/mov_frames_action_c3d/CRA/CRA_Gfa_13_cry 33 1
/ssd_data/mov_frames_action_c3d/GLA/GLA_Bmwoi_66_pick 1 2
/ssd_data/mov_frames_action_c3d/GLA/GLA_Bmwoi_66_pick 17 2
/ssd_data/mov_frames_action_c3d/GWW/GWW_Bmwoi_208_ride_horse 1 4
/ssd_data/mov_frames_action_c3d/GWW/GWW_Bmwoi_208_ride_horse 17 4
/ssd_data/mov_frames_action_c3d/GWW/GWW_Bmwoi_208_ride_horse 33 4
/ssd_data/mov_frames_action_c3d/GWW/GWW_Bmwoi_208_ride_horse 49 4
/ssd_data/mov_frames_action_c3d/GWW/GWW_Bmwoi_208_ride_horse 65 4
/ssd_data/mov_frames_action_c3d/GWW/GWW_Bmwoi_208_ride_horse 81 4
/ssd_data/mov_frames_action_c3d/GWW/GWW_Bmwoi_208_ride_horse 97 4
/ssd_data/mov_frames_action_c3d/GWW/GWW_Bmwoi_208_ride_horse 113 4
/ssd_data/mov_frames_action_c3d/GWW/GWW_Bmwoi_208_ride_horse 129 4
/ssd_data/mov_frames_action_c3d/GWW/GWW_Bmwoi_208_ride_horse 145 4
/ssd_data/mov_frames_action_c3d/GWW/GWW_Bmwoi_208_ride_horse 161 4
/ssd_data/mov_frames_action_c3d/GWW/GWW_Bmwoi_208_ride_horse 177 4
/ssd_data/mov_frames_action_c3d/GWW/GWW_Bmwoi_208_ride_horse 193 4
/ssd_data/mov_frames_action_c3d/GWW/GWW_Bmwoi_208_ride_horse 209 4
/ssd_data/mov_frames_action_c3d/GWW/GWW_Bmwoi_208_ride_horse 225 4
/ssd_data/mov_frames_action_c3d/GLA/GLA_G_41_wave_hands 1 8
/ssd_data/mov_frames_action_c3d/GWW/GWW_Gfa_833_smile 1 6
/ssd_data/mov_frames_action_c3d/CHI/CHI_G_26_wave_hands 1 8
/ssd_data/mov_frames_action_c3d/CHI/CHI_G_26_wave_hands 17 8
/ssd_data/mov_frames_action_c3d/GLA/GLA_G_20_point__at_something 1 3
/ssd_data/mov_frames_action_c3d/GLA/GLA_G_20_point__at_something 17 3
/ssd_data/mov_frames_action_c3d/GLA/GLA_G_20_point__at_something 33 3
/ssd_data/mov_frames_action_c3d/GWW/GWW_Gfa_781_smile 1 6
/ssd_data/mov_frames_action_c3d/DEP/DEP_Gbm_65_standing_up 1 7
/ssd_data/mov_frames_action_c3d/LOR/LOR_Gbm_80_standing_up 1 7
/ssd_data/mov_frames_action_c3d/LOR/LOR_Gbm_80_standing_up 17 7
/ssd_data/mov_frames_action_c3d/LOR/LOR_Gbm_80_standing_up 33 7
/ssd_data/mov_frames_action_c3d/CHI/CHI_G_18_point__at_something 1 3
/ssd_data/mov_frames_action_c3d/LOR/LOR_Gfa_116_smile 1 6
/ssd_data/mov_frames_action_c3d/LOR/LOR_Gfa_116_smile 17 6
/ssd_data/mov_frames_action_c3d/LOR/LOR_Gfa_116_smile 33 6
/ssd_data/mov_frames_action_c3d/GWW/GWW_Gfa_404_smile 1 6
/ssd_data/mov_frames_action_c3d/GLA/GLA_Gbm_81_standing_up 1 7
/ssd_data/mov_frames_action_c3d/GLA/GLA_Gbm_81_standing_up 17 7
/ssd_data/mov_frames_action_c3d/GWW/GWW_G_13_wave_hands 1 8
/ssd_data/mov_frames_action_c3d/GWW/GWW_Gbm_382_running 1 5
/ssd_data/mov_frames_action_c3d/GWW/GWW_Gbm_382_running 17 5
/ssd_data/mov_frames_action_c3d/GWW/GWW_Gbm_382_running 33 5
/ssd_data/mov_frames_action_c3d/BMI/BMI_Gbm_04_running 1 5
/ssd_data/mov_frames_action_c3d/BMI/BMI_Gbm_04_running 17 5
/ssd_data/mov_frames_action_c3d/BMI/BMI_Gbm_04_running 33 5
/ssd_data/mov_frames_action_c3d/GWW/GWW_Bmwoi_152_pick 1 2
/ssd_data/mov_frames_action_c3d/CHI/CHI_G_79_point__at_something 1 3
/ssd_data/mov_frames_action_c3d/CHI/CHI_G_79_point__at_something 17 3
/ssd_data/mov_frames_action_c3d/GWW/GWW_Gbm_305_standing_up 1 7
/ssd_data/mov_frames_action_c3d/CHI/CHI_G_04_point__at_something 1 3
/ssd_data/mov_frames_action_c3d/GWW/GWW_Bmwoi_141_ride_horse 1 4
/ssd_data/mov_frames_action_c3d/GWW/GWW_Bmwoi_141_ride_horse 17 4
/ssd_data/mov_frames_action_c3d/GWW/GWW_Bmwoi_141_ride_horse 33 4
/ssd_data/mov_frames_action_c3d/CRA/CRA_Gfa_174_cry 1 1
/ssd_data/mov_frames_action_c3d/CRA/CRA_Gfa_174_cry 17 1
/ssd_data/mov_frames_action_c3d/CRA/CRA_Gfa_174_cry 33 1
/ssd_data/mov_frames_action_c3d/CRA/CRA_Gfa_174_cry 49 1
/ssd_data/mov_frames_action_c3d/CRA/CRA_Gfa_174_cry 65 1
/ssd_data/mov_frames_action_c3d/CRA/CRA_Gfa_174_cry 81 1
/ssd_data/mov_frames_action_c3d/CRA/CRA_Gfa_174_cry 97 1
/ssd_data/mov_frames_action_c3d/CRA/CRA_Gfa_174_cry 113 1
/ssd_data/mov_frames_action_c3d/CRA/CRA_Gfa_174_cry 129 1
/ssd_data/mov_frames_action_c3d/CRA/CRA_Gfa_174_cry 145 1
/ssd_data/mov_frames_action_c3d/CRA/CRA_Gfa_174_cry 161 1
/ssd_data/mov_frames_action_c3d/CRA/CRA_Gfa_174_cry 177 1
/ssd_data/mov_frames_action_c3d/DEP/DEP_Gfa_294_smile 1 6
/ssd_data/mov_frames_action_c3d/BMI/BMI_Gbm_158_running 1 5
/ssd_data/mov_frames_action_c3d/BMI/BMI_Gbm_158_running 17 5
/ssd_data/mov_frames_action_c3d/BMI/BMI_Gbm_158_running 33 5
/ssd_data/mov_frames_action_c3d/BMI/BMI_Gfa_198_smile 1 6
/ssd_data/mov_frames_action_c3d/GWW/GWW_Bmwoi_121_pick 1 2
/ssd_data/mov_frames_action_c3d/GLA/GLA_Bmwoi_32_ride_horse 1 4
/ssd_data/mov_frames_action_c3d/GWW/GWW_G_73_point__at_something 1 3
/ssd_data/mov_frames_action_c3d/GWW/GWW_G_73_point__at_something 17 3
/ssd_data/mov_frames_action_c3d/GWW/GWW_G_73_point__at_something 33 3
/ssd_data/mov_frames_action_c3d/GWW/GWW_G_73_point__at_something 49 3
/ssd_data/mov_frames_action_c3d/GWW/GWW_G_73_point__at_something 65 3
/ssd_data/mov_frames_action_c3d/GWW/GWW_G_73_point__at_something 81 3
/ssd_data/mov_frames_action_c3d/LOR/LOR_Gbm_81_standing_up 1 7
/ssd_data/mov_frames_action_c3d/DEP/DEP_Gfa_61_smile 1 6
/ssd_data/mov_frames_action_c3d/GWW/GWW_Gbm_266_running 1 5
/ssd_data/mov_frames_action_c3d/GWW/GWW_Gbm_266_running 17 5
/ssd_data/mov_frames_action_c3d/GWW/GWW_Gbm_266_running 33 5
/ssd_data/mov_frames_action_c3d/GWW/GWW_Gbm_266_running 49 5
/ssd_data/mov_frames_action_c3d/GWW/GWW_G_70_wave_hands 1 8
/ssd_data/mov_frames_action_c3d/GWW/GWW_G_70_wave_hands 17 8
/ssd_data/mov_frames_action_c3d/GWW/GWW_G_70_wave_hands 33 8
/ssd_data/mov_frames_action_c3d/GWW/GWW_G_70_wave_hands 49 8
/ssd_data/mov_frames_action_c3d/CHI/CHI_G_15_wave_hands 1 8
/ssd_data/mov_frames_action_c3d/CHI/CHI_Gbm_11_standing_up 1 7
/ssd_data/mov_frames_action_c3d/GLA/GLA_G_26_point__at_something 1 3
/ssd_data/mov_frames_action_c3d/GLA/GLA_G_26_point__at_something 17 3
/ssd_data/mov_frames_action_c3d/GLA/GLA_G_26_point__at_something 33 3
/ssd_data/mov_frames_action_c3d/GWW/GWW_Gfa_334_smile 1 6
